// Jest Snapshot v1, https://goo.gl/fbAQLP

exports[`header should render correctly 1`] = `
<div>
  <header>
    Some user
  </header>
</div>
`;
