// Jest Snapshot v1, https://goo.gl/fbAQLP

exports[`Component: LoginForm should render correctly 1`] = `
<form
  className="panel"
  onSubmit={[Function]}
>
  <div
    className="midPanelItemContainer"
  >
    <input
      className="form-control"
      id={undefined}
      max={undefined}
      min={undefined}
      onChange={[Function]}
      placeholder="Username"
      type="text"
      value=""
    />
  </div>
  <div
    className="midPanelItemContainer"
  >
    <input
      className="form-control"
      id={undefined}
      max={undefined}
      min={undefined}
      onChange={[Function]}
      placeholder="Password"
      type="password"
      value=""
    />
  </div>
  <div
    className="midPanelItemContainer"
  >
    <div>
      <select
        class="locationSelector"
        disabled={undefined}
        name="location"
        onBlur={[Function]}
        onChange={[Function]}
        onDragStart={[Function]}
        onDrop={[Function]}
        onFocus={[Function]}
        value=""
      >
        <option
          value=""
        >
          Select Location
        </option>
      </select>
    </div>
  </div>
  <div
    className="bottomPanelItemContainer"
  >
    <button
      className="loginButton btn btn-default"
      disabled={true}
      type="submit"
    >
      Login
    </button>
  </div>
</form>
`;
